{"mode": "aggregate", "load": "closed", "server": "cpp", "client": "cpp", "frames": 31619, "status": "passed"}
{"mode": "aggregate", "load": "closed", "server": "cpp", "client": "csharp", "frames": 31548, "status": "passed"}
{"mode": "aggregate", "load": "closed", "server": "csharp", "client": "cpp", "frames": 64762, "status": "passed"}
{"mode": "aggregate", "load": "closed", "server": "csharp", "client": "csharp", "frames": 70617, "status": "passed"}
{"mode": "aggregate", "load": "capped-io", "server": "cpp", "client": "cpp", "frames": 2081, "status": "passed"}
{"mode": "aggregate", "load": "capped-io", "server": "cpp", "client": "csharp", "frames": 2006, "status": "passed"}
{"mode": "aggregate", "load": "capped-io", "server": "csharp", "client": "cpp", "frames": 1793, "status": "passed"}
{"mode": "aggregate", "load": "capped-io", "server": "csharp", "client": "csharp", "frames": 1783, "status": "passed"}
{"mode": "aggregate", "load": "steady", "server": "cpp", "client": "cpp", "frames": 800, "status": "passed"}
{"mode": "aggregate", "load": "steady", "server": "cpp", "client": "csharp", "frames": 800, "status": "passed"}
{"mode": "aggregate", "load": "steady", "server": "csharp", "client": "cpp", "frames": 800, "status": "passed"}
{"mode": "aggregate", "load": "steady", "server": "csharp", "client": "csharp", "frames": 800, "status": "passed"}
{"mode": "aggregate", "load": "poisson", "server": "cpp", "client": "cpp", "frames": 767, "status": "passed"}
{"mode": "aggregate", "load": "poisson", "server": "cpp", "client": "csharp", "frames": 767, "status": "passed"}
{"mode": "aggregate", "load": "poisson", "server": "csharp", "client": "cpp", "frames": 767, "status": "passed"}
{"mode": "aggregate", "load": "poisson", "server": "csharp", "client": "csharp", "frames": 767, "status": "passed"}
{"mode": "retain-reuse", "load": "closed", "server": "cpp", "client": "cpp", "frames": 29857, "status": "passed"}
{"mode": "retain-reuse", "load": "closed", "server": "cpp", "client": "csharp", "frames": 25866, "status": "passed"}
{"mode": "retain-reuse", "load": "closed", "server": "csharp", "client": "cpp", "frames": 68509, "status": "passed"}
{"mode": "retain-reuse", "load": "closed", "server": "csharp", "client": "csharp", "frames": 69468, "status": "passed"}
{"mode": "retain-reuse", "load": "capped-io", "server": "cpp", "client": "cpp", "frames": 2102, "status": "passed"}
{"mode": "retain-reuse", "load": "capped-io", "server": "cpp", "client": "csharp", "frames": 2063, "status": "passed"}
{"mode": "retain-reuse", "load": "capped-io", "server": "csharp", "client": "cpp", "frames": 1846, "status": "passed"}
{"mode": "retain-reuse", "load": "capped-io", "server": "csharp", "client": "csharp", "frames": 1784, "status": "passed"}
{"mode": "retain-reuse", "load": "steady", "server": "cpp", "client": "cpp", "frames": 800, "status": "passed"}
{"mode": "retain-reuse", "load": "steady", "server": "cpp", "client": "csharp", "frames": 800, "status": "passed"}
{"mode": "retain-reuse", "load": "steady", "server": "csharp", "client": "cpp", "frames": 800, "status": "passed"}
{"mode": "retain-reuse", "load": "steady", "server": "csharp", "client": "csharp", "frames": 800, "status": "passed"}
{"mode": "retain-reuse", "load": "poisson", "server": "cpp", "client": "cpp", "frames": 767, "status": "passed"}
{"mode": "retain-reuse", "load": "poisson", "server": "cpp", "client": "csharp", "frames": 767, "status": "passed"}
{"mode": "retain-reuse", "load": "poisson", "server": "csharp", "client": "cpp", "frames": 767, "status": "passed"}
{"mode": "retain-reuse", "load": "poisson", "server": "csharp", "client": "csharp", "frames": 767, "status": "passed"}
{"mode": "retain-allocate", "load": "closed", "server": "cpp", "client": "cpp", "frames": 27446, "status": "passed"}
{"mode": "retain-allocate", "load": "closed", "server": "cpp", "client": "csharp", "frames": 27791, "status": "passed"}
{"mode": "retain-allocate", "load": "closed", "server": "csharp", "client": "cpp", "frames": 72209, "status": "passed"}
{"mode": "retain-allocate", "load": "closed", "server": "csharp", "client": "csharp", "frames": 68417, "status": "passed"}
{"mode": "retain-allocate", "load": "capped-io", "server": "cpp", "client": "cpp", "frames": 2124, "status": "passed"}
{"mode": "retain-allocate", "load": "capped-io", "server": "cpp", "client": "csharp", "frames": 2021, "status": "passed"}
{"mode": "retain-allocate", "load": "capped-io", "server": "csharp", "client": "cpp", "frames": 1863, "status": "passed"}
{"mode": "retain-allocate", "load": "capped-io", "server": "csharp", "client": "csharp", "frames": 1839, "status": "passed"}
{"mode": "retain-allocate", "load": "steady", "server": "cpp", "client": "cpp", "frames": 800, "status": "passed"}
{"mode": "retain-allocate", "load": "steady", "server": "cpp", "client": "csharp", "frames": 800, "status": "passed"}
{"mode": "retain-allocate", "load": "steady", "server": "csharp", "client": "cpp", "frames": 800, "status": "passed"}
{"mode": "retain-allocate", "load": "steady", "server": "csharp", "client": "csharp", "frames": 800, "status": "passed"}
{"mode": "retain-allocate", "load": "poisson", "server": "cpp", "client": "cpp", "frames": 767, "status": "passed"}
{"mode": "retain-allocate", "load": "poisson", "server": "cpp", "client": "csharp", "frames": 767, "status": "passed"}
{"mode": "retain-allocate", "load": "poisson", "server": "csharp", "client": "cpp", "frames": 767, "status": "passed"}
{"mode": "retain-allocate", "load": "poisson", "server": "csharp", "client": "csharp", "frames": 767, "status": "passed"}
{"mode": "transport", "load": "closed", "server": "cpp", "client": "cpp", "frames": 59557, "status": "passed"}
{"mode": "transport", "load": "closed", "server": "cpp", "client": "csharp", "frames": 59005, "status": "passed"}
{"mode": "transport", "load": "closed", "server": "csharp", "client": "cpp", "frames": 85866, "status": "passed"}
{"mode": "transport", "load": "closed", "server": "csharp", "client": "csharp", "frames": 79122, "status": "passed"}
{"mode": "transport", "load": "capped-io", "server": "cpp", "client": "cpp", "frames": 2067, "status": "passed"}
{"mode": "transport", "load": "capped-io", "server": "cpp", "client": "csharp", "frames": 2042, "status": "passed"}
{"mode": "transport", "load": "capped-io", "server": "csharp", "client": "cpp", "frames": 1871, "status": "passed"}
{"mode": "transport", "load": "capped-io", "server": "csharp", "client": "csharp", "frames": 1846, "status": "passed"}
{"mode": "transport", "load": "steady", "server": "cpp", "client": "cpp", "frames": 800, "status": "passed"}
{"mode": "transport", "load": "steady", "server": "cpp", "client": "csharp", "frames": 800, "status": "passed"}
{"mode": "transport", "load": "steady", "server": "csharp", "client": "cpp", "frames": 800, "status": "passed"}
{"mode": "transport", "load": "steady", "server": "csharp", "client": "csharp", "frames": 800, "status": "passed"}
{"mode": "transport", "load": "poisson", "server": "cpp", "client": "cpp", "frames": 767, "status": "passed"}
{"mode": "transport", "load": "poisson", "server": "cpp", "client": "csharp", "frames": 767, "status": "passed"}
{"mode": "transport", "load": "poisson", "server": "csharp", "client": "cpp", "frames": 767, "status": "passed"}
{"mode": "transport", "load": "poisson", "server": "csharp", "client": "csharp", "frames": 767, "status": "passed"}
