== ASAN selftest
{"event":"selftest","valid":true,"checks":259,"canonical_digest":3660725836179230917}
== ASAN protocol
{"server": "src\\cpp\\build-asan\\RelWithDebInfo\\tcpbench.exe", "mode": "aggregate", "passed": 70}
{"server": "src\\cpp\\build-asan\\RelWithDebInfo\\tcpbench.exe", "mode": "retain-reuse", "passed": 70}
{"server": "src\\cpp\\build-asan\\RelWithDebInfo\\tcpbench.exe", "mode": "retain-allocate", "passed": 70}
{"total_checks": 264, "status": "passed"}
== ASAN server regression
{"server": "tcpbench.exe", "case": "processing_deadline_and_independent_progress", "status": "passed"}
{"server": "tcpbench.exe", "case": "stage_sampling_offset_reset_and_gates", "status": "passed"}
{"server": "tcpbench.exe", "case": "cpu_budget", "status": "passed"}
{"server": "tcpbench.exe", "case": "expiry_releases_slot", "status": "passed"}
{"server": "tcpbench.exe", "case": "shutdown_during_pause", "status": "passed"}
{"server": "tcpbench.exe", "case": "owned_peak_and_quiet_eof", "status": "passed"}
== ASAN measurement client
{"fault": "none", "exit_code": 0, "status": "passed"}
{"fault": "closed", "exit_code": 0, "status": "passed"}
{"fault": "pause", "exit_code": 0, "status": "passed"}
{"fault": "overload", "exit_code": 0, "status": "passed"}
{"fault": "drop", "exit_code": 1, "status": "passed"}
{"fault": "withhold", "exit_code": 1, "status": "passed"}
{"fault": "withhold-short-drain", "exit_code": 1, "status": "passed"}
{"fault": "corrupt", "exit_code": 1, "status": "passed"}
{"fault": "wrong-sequence", "exit_code": 1, "status": "passed"}
{"fault": "oversized-response", "exit_code": 1, "status": "passed"}
{"fault": "wrong-summary", "exit_code": 1, "status": "passed"}
{"fault": "ack-inside-drain", "exit_code": 0, "status": "passed"}
== ASAN interop
{"mode": "aggregate", "load": "closed", "server": "cpp", "client": "cpp", "frames": 17801, "status": "passed"}
{"mode": "aggregate", "load": "closed", "server": "cpp", "client": "csharp", "frames": 17628, "status": "passed"}
{"mode": "aggregate", "load": "closed", "server": "csharp", "client": "cpp", "frames": 66620, "status": "passed"}
{"mode": "aggregate", "load": "closed", "server": "csharp", "client": "csharp", "frames": 62118, "status": "passed"}
{"mode": "aggregate", "load": "capped-io", "server": "cpp", "client": "cpp", "frames": 3693, "status": "passed"}
{"mode": "aggregate", "load": "capped-io", "server": "cpp", "client": "csharp", "frames": 3553, "status": "passed"}
{"mode": "aggregate", "load": "capped-io", "server": "csharp", "client": "cpp", "frames": 2937, "status": "passed"}
{"mode": "aggregate", "load": "capped-io", "server": "csharp", "client": "csharp", "frames": 3224, "status": "passed"}
{"mode": "aggregate", "load": "steady", "server": "cpp", "client": "cpp", "frames": 800, "status": "passed"}
{"mode": "aggregate", "load": "steady", "server": "cpp", "client": "csharp", "frames": 800, "status": "passed"}
{"mode": "aggregate", "load": "steady", "server": "csharp", "client": "cpp", "frames": 800, "status": "passed"}
{"mode": "aggregate", "load": "steady", "server": "csharp", "client": "csharp", "frames": 800, "status": "passed"}
{"mode": "aggregate", "load": "poisson", "server": "cpp", "client": "cpp", "frames": 767, "status": "passed"}
{"mode": "aggregate", "load": "poisson", "server": "cpp", "client": "csharp", "frames": 767, "status": "passed"}
{"mode": "aggregate", "load": "poisson", "server": "csharp", "client": "cpp", "frames": 767, "status": "passed"}
{"mode": "aggregate", "load": "poisson", "server": "csharp", "client": "csharp", "frames": 767, "status": "passed"}
{"mode": "retain-reuse", "load": "closed", "server": "cpp", "client": "cpp", "frames": 16491, "status": "passed"}
{"mode": "retain-reuse", "load": "closed", "server": "cpp", "client": "csharp", "frames": 16589, "status": "passed"}
{"mode": "retain-reuse", "load": "closed", "server": "csharp", "client": "cpp", "frames": 63538, "status": "passed"}
{"mode": "retain-reuse", "load": "closed", "server": "csharp", "client": "csharp", "frames": 57493, "status": "passed"}
{"mode": "retain-reuse", "load": "capped-io", "server": "cpp", "client": "cpp", "frames": 3727, "status": "passed"}
{"mode": "retain-reuse", "load": "capped-io", "server": "cpp", "client": "csharp", "frames": 3557, "status": "passed"}
{"mode": "retain-reuse", "load": "capped-io", "server": "csharp", "client": "cpp", "frames": 3213, "status": "passed"}
{"mode": "retain-reuse", "load": "capped-io", "server": "csharp", "client": "csharp", "frames": 3209, "status": "passed"}
{"mode": "retain-reuse", "load": "steady", "server": "cpp", "client": "cpp", "frames": 800, "status": "passed"}
{"mode": "retain-reuse", "load": "steady", "server": "cpp", "client": "csharp", "frames": 800, "status": "passed"}
{"mode": "retain-reuse", "load": "steady", "server": "csharp", "client": "cpp", "frames": 800, "status": "passed"}
{"mode": "retain-reuse", "load": "steady", "server": "csharp", "client": "csharp", "frames": 800, "status": "passed"}
{"mode": "retain-reuse", "load": "poisson", "server": "cpp", "client": "cpp", "frames": 767, "status": "passed"}
{"mode": "retain-reuse", "load": "poisson", "server": "cpp", "client": "csharp", "frames": 767, "status": "passed"}
{"mode": "retain-reuse", "load": "poisson", "server": "csharp", "client": "cpp", "frames": 767, "status": "passed"}
{"mode": "retain-reuse", "load": "poisson", "server": "csharp", "client": "csharp", "frames": 767, "status": "passed"}
{"mode": "retain-allocate", "load": "closed", "server": "cpp", "client": "cpp", "frames": 14069, "status": "passed"}
{"mode": "retain-allocate", "load": "closed", "server": "cpp", "client": "csharp", "frames": 13904, "status": "passed"}
{"mode": "retain-allocate", "load": "closed", "server": "csharp", "client": "cpp", "frames": 61304, "status": "passed"}
{"mode": "retain-allocate", "load": "closed", "server": "csharp", "client": "csharp", "frames": 56097, "status": "passed"}
{"mode": "retain-allocate", "load": "capped-io", "server": "cpp", "client": "cpp", "frames": 3786, "status": "passed"}
{"mode": "retain-allocate", "load": "capped-io", "server": "cpp", "client": "csharp", "frames": 3558, "status": "passed"}
{"mode": "retain-allocate", "load": "capped-io", "server": "csharp", "client": "cpp", "frames": 3241, "status": "passed"}
{"mode": "retain-allocate", "load": "capped-io", "server": "csharp", "client": "csharp", "frames": 3297, "status": "passed"}
{"mode": "retain-allocate", "load": "steady", "server": "cpp", "client": "cpp", "frames": 800, "status": "passed"}
{"mode": "retain-allocate", "load": "steady", "server": "cpp", "client": "csharp", "frames": 800, "status": "passed"}
{"mode": "retain-allocate", "load": "steady", "server": "csharp", "client": "cpp", "frames": 800, "status": "passed"}
{"mode": "retain-allocate", "load": "steady", "server": "csharp", "client": "csharp", "frames": 800, "status": "passed"}
{"mode": "retain-allocate", "load": "poisson", "server": "cpp", "client": "cpp", "frames": 767, "status": "passed"}
{"mode": "retain-allocate", "load": "poisson", "server": "cpp", "client": "csharp", "frames": 767, "status": "passed"}
{"mode": "retain-allocate", "load": "poisson", "server": "csharp", "client": "cpp", "frames": 767, "status": "passed"}
{"mode": "retain-allocate", "load": "poisson", "server": "csharp", "client": "csharp", "frames": 767, "status": "passed"}
{"mode": "transport", "load": "closed", "server": "cpp", "client": "cpp", "frames": 59833, "status": "passed"}
{"mode": "transport", "load": "closed", "server": "cpp", "client": "csharp", "frames": 57789, "status": "passed"}
{"mode": "transport", "load": "closed", "server": "csharp", "client": "cpp", "frames": 81784, "status": "passed"}
{"mode": "transport", "load": "closed", "server": "csharp", "client": "csharp", "frames": 76800, "status": "passed"}
{"mode": "transport", "load": "capped-io", "server": "cpp", "client": "cpp", "frames": 3639, "status": "passed"}
{"mode": "transport", "load": "capped-io", "server": "cpp", "client": "csharp", "frames": 3582, "status": "passed"}
{"mode": "transport", "load": "capped-io", "server": "csharp", "client": "cpp", "frames": 3248, "status": "passed"}
{"mode": "transport", "load": "capped-io", "server": "csharp", "client": "csharp", "frames": 3242, "status": "passed"}
{"mode": "transport", "load": "steady", "server": "cpp", "client": "cpp", "frames": 800, "status": "passed"}
{"mode": "transport", "load": "steady", "server": "cpp", "client": "csharp", "frames": 800, "status": "passed"}
{"mode": "transport", "load": "steady", "server": "csharp", "client": "cpp", "frames": 800, "status": "passed"}
{"mode": "transport", "load": "steady", "server": "csharp", "client": "csharp", "frames": 800, "status": "passed"}
{"mode": "transport", "load": "poisson", "server": "cpp", "client": "cpp", "frames": 767, "status": "passed"}
{"mode": "transport", "load": "poisson", "server": "cpp", "client": "csharp", "frames": 767, "status": "passed"}
{"mode": "transport", "load": "poisson", "server": "csharp", "client": "cpp", "frames": 767, "status": "passed"}
{"mode": "transport", "load": "poisson", "server": "csharp", "client": "csharp", "frames": 767, "status": "passed"}
== all passed
