== native selftest
{"event":"selftest","valid":true,"checks":132308,"canonical_digest":3660725836179230917}
== managed selftest
{"event":"selftest","valid":true,"checks":283556,"canonical_digest":3660725836179230917}
== harness
{"check": "corpus", "status": "passed"}
{"check": "report", "status": "passed"}
{"trial": 1, "cell": "failure", "server": "cpp", "error": "client exited 1", "seconds": 0.3}
{"check": "runner", "status": "passed"}
== protocol native
{"server": "src\\cpp\\build\\Release\\tcpbench.exe", "mode": "aggregate", "passed": 70}
{"server": "src\\cpp\\build\\Release\\tcpbench.exe", "mode": "retain-reuse", "passed": 70}
{"server": "src\\cpp\\build\\Release\\tcpbench.exe", "mode": "retain-allocate", "passed": 70}
{"total_checks": 264, "status": "passed"}
== protocol managed
{"server": "src\\dotnet\\bin\\Release\\net11.0\\Bench.dll", "mode": "aggregate", "passed": 70}
{"server": "src\\dotnet\\bin\\Release\\net11.0\\Bench.dll", "mode": "retain-reuse", "passed": 70}
{"server": "src\\dotnet\\bin\\Release\\net11.0\\Bench.dll", "mode": "retain-allocate", "passed": 70}
{"total_checks": 264, "status": "passed"}
== differential
{"binary": "F:\\SocketServerClient\\src\\cpp\\build\\Release\\tcpbench.exe", "mode": "aggregate", "validated_frames": 200, "records": 828}
{"binary": "F:\\SocketServerClient\\src\\cpp\\build\\Release\\tcpbench.exe", "mode": "retain-reuse", "validated_frames": 200, "records": 828}
{"binary": "F:\\SocketServerClient\\src\\cpp\\build\\Release\\tcpbench.exe", "mode": "retain-allocate", "validated_frames": 200, "records": 828}
{"binary": "F:\\SocketServerClient\\src\\dotnet\\bin\\Release\\net11.0\\Bench.dll", "mode": "aggregate", "validated_frames": 200, "records": 828}
{"binary": "F:\\SocketServerClient\\src\\dotnet\\bin\\Release\\net11.0\\Bench.dll", "mode": "retain-reuse", "validated_frames": 200, "records": 828}
{"binary": "F:\\SocketServerClient\\src\\dotnet\\bin\\Release\\net11.0\\Bench.dll", "mode": "retain-allocate", "validated_frames": 200, "records": 828}
== server regression native
{"server": "tcpbench.exe", "case": "processing_deadline_and_independent_progress", "status": "passed"}
{"server": "tcpbench.exe", "case": "stage_sampling_offset_reset_and_gates", "status": "passed"}
{"server": "tcpbench.exe", "case": "cpu_budget", "status": "passed"}
{"server": "tcpbench.exe", "case": "expiry_releases_slot", "status": "passed"}
{"server": "tcpbench.exe", "case": "shutdown_during_pause", "status": "passed"}
{"server": "tcpbench.exe", "case": "owned_peak_and_quiet_eof", "status": "passed"}
== server regression managed
{"server": "Bench.dll", "case": "processing_deadline_and_independent_progress", "status": "passed"}
{"server": "Bench.dll", "case": "stage_sampling_offset_reset_and_gates", "status": "passed"}
{"server": "Bench.dll", "case": "cpu_budget", "status": "passed"}
{"server": "Bench.dll", "case": "expiry_releases_slot", "status": "passed"}
{"server": "Bench.dll", "case": "shutdown_during_pause", "status": "passed"}
{"server": "Bench.dll", "case": "owned_peak_and_quiet_eof", "status": "passed"}
== measurement native client
{"fault": "none", "exit_code": 0, "status": "passed"}
{"fault": "closed", "exit_code": 0, "status": "passed"}
{"fault": "pause", "exit_code": 0, "status": "passed"}
{"fault": "overload", "exit_code": 0, "status": "passed"}
{"fault": "drop", "exit_code": 1, "status": "passed"}
{"fault": "withhold", "exit_code": 1, "status": "passed"}
{"fault": "withhold-short-drain", "exit_code": 1, "status": "passed"}
{"fault": "corrupt", "exit_code": 1, "status": "passed"}
{"fault": "wrong-sequence", "exit_code": 1, "status": "passed"}
{"fault": "oversized-response", "exit_code": 1, "status": "passed"}
{"fault": "wrong-summary", "exit_code": 1, "status": "passed"}
{"fault": "ack-inside-drain", "exit_code": 0, "status": "passed"}
== measurement managed client
{"fault": "none", "exit_code": 0, "status": "passed"}
{"fault": "closed", "exit_code": 0, "status": "passed"}
{"fault": "pause", "exit_code": 0, "status": "passed"}
{"fault": "overload", "exit_code": 0, "status": "passed"}
{"fault": "drop", "exit_code": 1, "status": "passed"}
{"fault": "withhold", "exit_code": 1, "status": "passed"}
{"fault": "withhold-short-drain", "exit_code": 1, "status": "passed"}
{"fault": "corrupt", "exit_code": 1, "status": "passed"}
{"fault": "wrong-sequence", "exit_code": 1, "status": "passed"}
{"fault": "oversized-response", "exit_code": 1, "status": "passed"}
{"fault": "wrong-summary", "exit_code": 1, "status": "passed"}
{"fault": "ack-inside-drain", "exit_code": 0, "status": "passed"}
== interop
{"mode": "aggregate", "load": "closed", "server": "cpp", "client": "cpp", "frames": 56325, "status": "passed"}
{"mode": "aggregate", "load": "closed", "server": "cpp", "client": "csharp", "frames": 53708, "status": "passed"}
{"mode": "aggregate", "load": "closed", "server": "csharp", "client": "cpp", "frames": 64646, "status": "passed"}
{"mode": "aggregate", "load": "closed", "server": "csharp", "client": "csharp", "frames": 58560, "status": "passed"}
{"mode": "aggregate", "load": "capped-io", "server": "cpp", "client": "cpp", "frames": 3655, "status": "passed"}
{"mode": "aggregate", "load": "capped-io", "server": "cpp", "client": "csharp", "frames": 3393, "status": "passed"}
{"mode": "aggregate", "load": "capped-io", "server": "csharp", "client": "cpp", "frames": 3384, "status": "passed"}
{"mode": "aggregate", "load": "capped-io", "server": "csharp", "client": "csharp", "frames": 3229, "status": "passed"}
{"mode": "aggregate", "load": "steady", "server": "cpp", "client": "cpp", "frames": 800, "status": "passed"}
{"mode": "aggregate", "load": "steady", "server": "cpp", "client": "csharp", "frames": 800, "status": "passed"}
{"mode": "aggregate", "load": "steady", "server": "csharp", "client": "cpp", "frames": 800, "status": "passed"}
{"mode": "aggregate", "load": "steady", "server": "csharp", "client": "csharp", "frames": 800, "status": "passed"}
{"mode": "aggregate", "load": "poisson", "server": "cpp", "client": "cpp", "frames": 767, "status": "passed"}
{"mode": "aggregate", "load": "poisson", "server": "cpp", "client": "csharp", "frames": 767, "status": "passed"}
{"mode": "aggregate", "load": "poisson", "server": "csharp", "client": "cpp", "frames": 767, "status": "passed"}
{"mode": "aggregate", "load": "poisson", "server": "csharp", "client": "csharp", "frames": 767, "status": "passed"}
{"mode": "retain-reuse", "load": "closed", "server": "cpp", "client": "cpp", "frames": 52948, "status": "passed"}
{"mode": "retain-reuse", "load": "closed", "server": "cpp", "client": "csharp", "frames": 51800, "status": "passed"}
{"mode": "retain-reuse", "load": "closed", "server": "csharp", "client": "cpp", "frames": 63269, "status": "passed"}
{"mode": "retain-reuse", "load": "closed", "server": "csharp", "client": "csharp", "frames": 55363, "status": "passed"}
{"mode": "retain-reuse", "load": "capped-io", "server": "cpp", "client": "cpp", "frames": 3412, "status": "passed"}
{"mode": "retain-reuse", "load": "capped-io", "server": "cpp", "client": "csharp", "frames": 3251, "status": "passed"}
{"mode": "retain-reuse", "load": "capped-io", "server": "csharp", "client": "cpp", "frames": 3400, "status": "passed"}
{"mode": "retain-reuse", "load": "capped-io", "server": "csharp", "client": "csharp", "frames": 3177, "status": "passed"}
{"mode": "retain-reuse", "load": "steady", "server": "cpp", "client": "cpp", "frames": 800, "status": "passed"}
{"mode": "retain-reuse", "load": "steady", "server": "cpp", "client": "csharp", "frames": 800, "status": "passed"}
{"mode": "retain-reuse", "load": "steady", "server": "csharp", "client": "cpp", "frames": 800, "status": "passed"}
{"mode": "retain-reuse", "load": "steady", "server": "csharp", "client": "csharp", "frames": 800, "status": "passed"}
{"mode": "retain-reuse", "load": "poisson", "server": "cpp", "client": "cpp", "frames": 767, "status": "passed"}
{"mode": "retain-reuse", "load": "poisson", "server": "cpp", "client": "csharp", "frames": 767, "status": "passed"}
{"mode": "retain-reuse", "load": "poisson", "server": "csharp", "client": "cpp", "frames": 767, "status": "passed"}
{"mode": "retain-reuse", "load": "poisson", "server": "csharp", "client": "csharp", "frames": 767, "status": "passed"}
{"mode": "retain-allocate", "load": "closed", "server": "cpp", "client": "cpp", "frames": 51992, "status": "passed"}
{"mode": "retain-allocate", "load": "closed", "server": "cpp", "client": "csharp", "frames": 50416, "status": "passed"}
{"mode": "retain-allocate", "load": "closed", "server": "csharp", "client": "cpp", "frames": 61891, "status": "passed"}
{"mode": "retain-allocate", "load": "closed", "server": "csharp", "client": "csharp", "frames": 51860, "status": "passed"}
{"mode": "retain-allocate", "load": "capped-io", "server": "cpp", "client": "cpp", "frames": 3588, "status": "passed"}
{"mode": "retain-allocate", "load": "capped-io", "server": "cpp", "client": "csharp", "frames": 3386, "status": "passed"}
{"mode": "retain-allocate", "load": "capped-io", "server": "csharp", "client": "cpp", "frames": 3374, "status": "passed"}
{"mode": "retain-allocate", "load": "capped-io", "server": "csharp", "client": "csharp", "frames": 3133, "status": "passed"}
{"mode": "retain-allocate", "load": "steady", "server": "cpp", "client": "cpp", "frames": 800, "status": "passed"}
{"mode": "retain-allocate", "load": "steady", "server": "cpp", "client": "csharp", "frames": 800, "status": "passed"}
{"mode": "retain-allocate", "load": "steady", "server": "csharp", "client": "cpp", "frames": 800, "status": "passed"}
{"mode": "retain-allocate", "load": "steady", "server": "csharp", "client": "csharp", "frames": 800, "status": "passed"}
{"mode": "retain-allocate", "load": "poisson", "server": "cpp", "client": "cpp", "frames": 767, "status": "passed"}
{"mode": "retain-allocate", "load": "poisson", "server": "cpp", "client": "csharp", "frames": 767, "status": "passed"}
{"mode": "retain-allocate", "load": "poisson", "server": "csharp", "client": "cpp", "frames": 767, "status": "passed"}
{"mode": "retain-allocate", "load": "poisson", "server": "csharp", "client": "csharp", "frames": 767, "status": "passed"}
{"mode": "transport", "load": "closed", "server": "cpp", "client": "cpp", "frames": 69388, "status": "passed"}
{"mode": "transport", "load": "closed", "server": "cpp", "client": "csharp", "frames": 64788, "status": "passed"}
{"mode": "transport", "load": "closed", "server": "csharp", "client": "cpp", "frames": 81483, "status": "passed"}
{"mode": "transport", "load": "closed", "server": "csharp", "client": "csharp", "frames": 69314, "status": "passed"}
{"mode": "transport", "load": "capped-io", "server": "cpp", "client": "cpp", "frames": 3627, "status": "passed"}
{"mode": "transport", "load": "capped-io", "server": "cpp", "client": "csharp", "frames": 3313, "status": "passed"}
{"mode": "transport", "load": "capped-io", "server": "csharp", "client": "cpp", "frames": 3369, "status": "passed"}
{"mode": "transport", "load": "capped-io", "server": "csharp", "client": "csharp", "frames": 3210, "status": "passed"}
{"mode": "transport", "load": "steady", "server": "cpp", "client": "cpp", "frames": 800, "status": "passed"}
{"mode": "transport", "load": "steady", "server": "cpp", "client": "csharp", "frames": 800, "status": "passed"}
{"mode": "transport", "load": "steady", "server": "csharp", "client": "cpp", "frames": 800, "status": "passed"}
{"mode": "transport", "load": "steady", "server": "csharp", "client": "csharp", "frames": 800, "status": "passed"}
{"mode": "transport", "load": "poisson", "server": "cpp", "client": "cpp", "frames": 767, "status": "passed"}
{"mode": "transport", "load": "poisson", "server": "cpp", "client": "csharp", "frames": 767, "status": "passed"}
{"mode": "transport", "load": "poisson", "server": "csharp", "client": "cpp", "frames": 767, "status": "passed"}
{"mode": "transport", "load": "poisson", "server": "csharp", "client": "csharp", "frames": 767, "status": "passed"}
== large frames
{"trial": 1, "cell": "16m-allocate", "server": "cpp", "error": null, "seconds": 1.6}
{"trial": 2, "cell": "16m-allocate", "server": "csharp", "error": null, "seconds": 1.8}
{"trial": 3, "cell": "1m-aggregate-cs-client", "server": "csharp", "error": null, "seconds": 1.2}
{"trial": 4, "cell": "1m-aggregate-cs-client", "server": "cpp", "error": null, "seconds": 1.1}
{"trial": 5, "cell": "16m-transport-cs-client", "server": "csharp", "error": null, "seconds": 1.3}
{"trial": 6, "cell": "16m-transport-cs-client", "server": "cpp", "error": null, "seconds": 1.3}
{"trial": 7, "cell": "1m-allocate-cs-client", "server": "cpp", "error": null, "seconds": 1.2}
{"trial": 8, "cell": "1m-allocate-cs-client", "server": "csharp", "error": null, "seconds": 1.3}
{"trial": 9, "cell": "16m-reuse-cs-client", "server": "cpp", "error": null, "seconds": 1.7}
{"trial": 10, "cell": "16m-reuse-cs-client", "server": "csharp", "error": null, "seconds": 1.9}
{"trial": 11, "cell": "1m-reuse", "server": "cpp", "error": null, "seconds": 1.1}
{"trial": 12, "cell": "1m-reuse", "server": "csharp", "error": null, "seconds": 1.2}
{"trial": 13, "cell": "16m-aggregate", "server": "csharp", "error": null, "seconds": 1.4}
{"trial": 14, "cell": "16m-aggregate", "server": "cpp", "error": null, "seconds": 1.3}
{"trial": 15, "cell": "burst-cs-client", "server": "cpp", "error": null, "seconds": 6.8}
{"trial": 16, "cell": "burst-cs-client", "server": "csharp", "error": null, "seconds": 6.9}
{"trial": 17, "cell": "poisson", "server": "cpp", "error": null, "seconds": 1.5}
{"trial": 18, "cell": "poisson", "server": "csharp", "error": null, "seconds": 1.6}
{"completed_trials": 18, "failed": 0, "results": "F:\\SocketServerClient\\results\\large-frames-library-20260930-064705"}
{"passed_trials": 18, "results": "F:\\SocketServerClient\\results\\large-frames-library-20260930-064705"}
== fast parser: protocol native
{"server": "src\\cpp\\build\\Release\\tcpbench.exe", "mode": "aggregate", "passed": 70}
{"server": "src\\cpp\\build\\Release\\tcpbench.exe", "mode": "retain-reuse", "passed": 70}
{"server": "src\\cpp\\build\\Release\\tcpbench.exe", "mode": "retain-allocate", "passed": 70}
{"total_checks": 264, "status": "passed"}
== fast parser: protocol managed
{"server": "src\\dotnet\\bin\\Release\\net11.0\\Bench.dll", "mode": "aggregate", "passed": 70}
{"server": "src\\dotnet\\bin\\Release\\net11.0\\Bench.dll", "mode": "retain-reuse", "passed": 70}
{"server": "src\\dotnet\\bin\\Release\\net11.0\\Bench.dll", "mode": "retain-allocate", "passed": 70}
{"total_checks": 264, "status": "passed"}
== fast parser: differential
{"binary": "F:\\SocketServerClient\\src\\cpp\\build\\Release\\tcpbench.exe", "mode": "aggregate", "validated_frames": 200, "records": 828}
{"binary": "F:\\SocketServerClient\\src\\cpp\\build\\Release\\tcpbench.exe", "mode": "retain-reuse", "validated_frames": 200, "records": 828}
{"binary": "F:\\SocketServerClient\\src\\cpp\\build\\Release\\tcpbench.exe", "mode": "retain-allocate", "validated_frames": 200, "records": 828}
{"binary": "F:\\SocketServerClient\\src\\dotnet\\bin\\Release\\net11.0\\Bench.dll", "mode": "aggregate", "validated_frames": 200, "records": 828}
{"binary": "F:\\SocketServerClient\\src\\dotnet\\bin\\Release\\net11.0\\Bench.dll", "mode": "retain-reuse", "validated_frames": 200, "records": 828}
{"binary": "F:\\SocketServerClient\\src\\dotnet\\bin\\Release\\net11.0\\Bench.dll", "mode": "retain-allocate", "validated_frames": 200, "records": 828}
== fast parser: server regression native
{"server": "tcpbench.exe", "case": "processing_deadline_and_independent_progress", "status": "passed"}
{"server": "tcpbench.exe", "case": "stage_sampling_offset_reset_and_gates", "status": "passed"}
{"server": "tcpbench.exe", "case": "cpu_budget", "status": "passed"}
{"server": "tcpbench.exe", "case": "expiry_releases_slot", "status": "passed"}
{"server": "tcpbench.exe", "case": "shutdown_during_pause", "status": "passed"}
{"server": "tcpbench.exe", "case": "owned_peak_and_quiet_eof", "status": "passed"}
== fast parser: server regression managed
{"server": "Bench.dll", "case": "processing_deadline_and_independent_progress", "status": "passed"}
{"server": "Bench.dll", "case": "stage_sampling_offset_reset_and_gates", "status": "passed"}
{"server": "Bench.dll", "case": "cpu_budget", "status": "passed"}
{"server": "Bench.dll", "case": "expiry_releases_slot", "status": "passed"}
{"server": "Bench.dll", "case": "shutdown_during_pause", "status": "passed"}
{"server": "Bench.dll", "case": "owned_peak_and_quiet_eof", "status": "passed"}
== fast parser: interop
{"mode": "aggregate", "load": "closed", "server": "cpp", "client": "cpp", "frames": 59134, "status": "passed"}
{"mode": "aggregate", "load": "closed", "server": "cpp", "client": "csharp", "frames": 57004, "status": "passed"}
{"mode": "aggregate", "load": "closed", "server": "csharp", "client": "cpp", "frames": 70665, "status": "passed"}
{"mode": "aggregate", "load": "closed", "server": "csharp", "client": "csharp", "frames": 62104, "status": "passed"}
{"mode": "aggregate", "load": "capped-io", "server": "cpp", "client": "cpp", "frames": 3632, "status": "passed"}
{"mode": "aggregate", "load": "capped-io", "server": "cpp", "client": "csharp", "frames": 3469, "status": "passed"}
{"mode": "aggregate", "load": "capped-io", "server": "csharp", "client": "cpp", "frames": 3311, "status": "passed"}
{"mode": "aggregate", "load": "capped-io", "server": "csharp", "client": "csharp", "frames": 3252, "status": "passed"}
{"mode": "aggregate", "load": "steady", "server": "cpp", "client": "cpp", "frames": 800, "status": "passed"}
{"mode": "aggregate", "load": "steady", "server": "cpp", "client": "csharp", "frames": 800, "status": "passed"}
{"mode": "aggregate", "load": "steady", "server": "csharp", "client": "cpp", "frames": 800, "status": "passed"}
{"mode": "aggregate", "load": "steady", "server": "csharp", "client": "csharp", "frames": 800, "status": "passed"}
{"mode": "aggregate", "load": "poisson", "server": "cpp", "client": "cpp", "frames": 767, "status": "passed"}
{"mode": "aggregate", "load": "poisson", "server": "cpp", "client": "csharp", "frames": 767, "status": "passed"}
{"mode": "aggregate", "load": "poisson", "server": "csharp", "client": "cpp", "frames": 767, "status": "passed"}
{"mode": "aggregate", "load": "poisson", "server": "csharp", "client": "csharp", "frames": 767, "status": "passed"}
{"mode": "retain-reuse", "load": "closed", "server": "cpp", "client": "cpp", "frames": 55589, "status": "passed"}
{"mode": "retain-reuse", "load": "closed", "server": "cpp", "client": "csharp", "frames": 52999, "status": "passed"}
{"mode": "retain-reuse", "load": "closed", "server": "csharp", "client": "cpp", "frames": 64365, "status": "passed"}
{"mode": "retain-reuse", "load": "closed", "server": "csharp", "client": "csharp", "frames": 57526, "status": "passed"}
{"mode": "retain-reuse", "load": "capped-io", "server": "cpp", "client": "cpp", "frames": 3637, "status": "passed"}
{"mode": "retain-reuse", "load": "capped-io", "server": "cpp", "client": "csharp", "frames": 3429, "status": "passed"}
{"mode": "retain-reuse", "load": "capped-io", "server": "csharp", "client": "cpp", "frames": 3368, "status": "passed"}
{"mode": "retain-reuse", "load": "capped-io", "server": "csharp", "client": "csharp", "frames": 3133, "status": "passed"}
{"mode": "retain-reuse", "load": "steady", "server": "cpp", "client": "cpp", "frames": 800, "status": "passed"}
{"mode": "retain-reuse", "load": "steady", "server": "cpp", "client": "csharp", "frames": 800, "status": "passed"}
{"mode": "retain-reuse", "load": "steady", "server": "csharp", "client": "cpp", "frames": 800, "status": "passed"}
{"mode": "retain-reuse", "load": "steady", "server": "csharp", "client": "csharp", "frames": 800, "status": "passed"}
{"mode": "retain-reuse", "load": "poisson", "server": "cpp", "client": "cpp", "frames": 767, "status": "passed"}
{"mode": "retain-reuse", "load": "poisson", "server": "cpp", "client": "csharp", "frames": 767, "status": "passed"}
{"mode": "retain-reuse", "load": "poisson", "server": "csharp", "client": "cpp", "frames": 767, "status": "passed"}
{"mode": "retain-reuse", "load": "poisson", "server": "csharp", "client": "csharp", "frames": 767, "status": "passed"}
{"mode": "retain-allocate", "load": "closed", "server": "cpp", "client": "cpp", "frames": 52043, "status": "passed"}
{"mode": "retain-allocate", "load": "closed", "server": "cpp", "client": "csharp", "frames": 41359, "status": "passed"}
{"mode": "retain-allocate", "load": "closed", "server": "csharp", "client": "cpp", "frames": 47760, "status": "passed"}
{"mode": "retain-allocate", "load": "closed", "server": "csharp", "client": "csharp", "frames": 54358, "status": "passed"}
{"mode": "retain-allocate", "load": "capped-io", "server": "cpp", "client": "cpp", "frames": 3657, "status": "passed"}
{"mode": "retain-allocate", "load": "capped-io", "server": "cpp", "client": "csharp", "frames": 3349, "status": "passed"}
{"mode": "retain-allocate", "load": "capped-io", "server": "csharp", "client": "cpp", "frames": 3230, "status": "passed"}
{"mode": "retain-allocate", "load": "capped-io", "server": "csharp", "client": "csharp", "frames": 2855, "status": "passed"}
{"mode": "retain-allocate", "load": "steady", "server": "cpp", "client": "cpp", "frames": 800, "status": "passed"}
{"mode": "retain-allocate", "load": "steady", "server": "cpp", "client": "csharp", "frames": 800, "status": "passed"}
{"mode": "retain-allocate", "load": "steady", "server": "csharp", "client": "cpp", "frames": 800, "status": "passed"}
{"mode": "retain-allocate", "load": "steady", "server": "csharp", "client": "csharp", "frames": 800, "status": "passed"}
{"mode": "retain-allocate", "load": "poisson", "server": "cpp", "client": "cpp", "frames": 767, "status": "passed"}
{"mode": "retain-allocate", "load": "poisson", "server": "cpp", "client": "csharp", "frames": 767, "status": "passed"}
{"mode": "retain-allocate", "load": "poisson", "server": "csharp", "client": "cpp", "frames": 767, "status": "passed"}
{"mode": "retain-allocate", "load": "poisson", "server": "csharp", "client": "csharp", "frames": 767, "status": "passed"}
{"mode": "transport", "load": "closed", "server": "cpp", "client": "cpp", "frames": 70015, "status": "passed"}
{"mode": "transport", "load": "closed", "server": "cpp", "client": "csharp", "frames": 59885, "status": "passed"}
{"mode": "transport", "load": "closed", "server": "csharp", "client": "cpp", "frames": 69350, "status": "passed"}
{"mode": "transport", "load": "closed", "server": "csharp", "client": "csharp", "frames": 65154, "status": "passed"}
{"mode": "transport", "load": "capped-io", "server": "cpp", "client": "cpp", "frames": 3600, "status": "passed"}
{"mode": "transport", "load": "capped-io", "server": "cpp", "client": "csharp", "frames": 3335, "status": "passed"}
{"mode": "transport", "load": "capped-io", "server": "csharp", "client": "cpp", "frames": 3313, "status": "passed"}
{"mode": "transport", "load": "capped-io", "server": "csharp", "client": "csharp", "frames": 3146, "status": "passed"}
{"mode": "transport", "load": "steady", "server": "cpp", "client": "cpp", "frames": 800, "status": "passed"}
{"mode": "transport", "load": "steady", "server": "cpp", "client": "csharp", "frames": 800, "status": "passed"}
{"mode": "transport", "load": "steady", "server": "csharp", "client": "cpp", "frames": 800, "status": "passed"}
{"mode": "transport", "load": "steady", "server": "csharp", "client": "csharp", "frames": 800, "status": "passed"}
{"mode": "transport", "load": "poisson", "server": "cpp", "client": "cpp", "frames": 767, "status": "passed"}
{"mode": "transport", "load": "poisson", "server": "cpp", "client": "csharp", "frames": 767, "status": "passed"}
{"mode": "transport", "load": "poisson", "server": "csharp", "client": "cpp", "frames": 767, "status": "passed"}
{"mode": "transport", "load": "poisson", "server": "csharp", "client": "csharp", "frames": 767, "status": "passed"}
== fast parser: large frames
{"trial": 1, "cell": "16m-allocate", "server": "cpp", "error": null, "seconds": 1.6}
{"trial": 2, "cell": "16m-allocate", "server": "csharp", "error": null, "seconds": 1.8}
{"trial": 3, "cell": "1m-aggregate-cs-client", "server": "csharp", "error": null, "seconds": 1.2}
{"trial": 4, "cell": "1m-aggregate-cs-client", "server": "cpp", "error": null, "seconds": 1.1}
{"trial": 5, "cell": "16m-transport-cs-client", "server": "csharp", "error": null, "seconds": 1.4}
{"trial": 6, "cell": "16m-transport-cs-client", "server": "cpp", "error": null, "seconds": 1.2}
{"trial": 7, "cell": "1m-allocate-cs-client", "server": "cpp", "error": null, "seconds": 1.2}
{"trial": 8, "cell": "1m-allocate-cs-client", "server": "csharp", "error": null, "seconds": 1.3}
{"trial": 9, "cell": "16m-reuse-cs-client", "server": "cpp", "error": null, "seconds": 1.6}
{"trial": 10, "cell": "16m-reuse-cs-client", "server": "csharp", "error": null, "seconds": 2.0}
{"trial": 11, "cell": "1m-reuse", "server": "cpp", "error": null, "seconds": 1.1}
{"trial": 12, "cell": "1m-reuse", "server": "csharp", "error": null, "seconds": 1.2}
{"trial": 13, "cell": "16m-aggregate", "server": "csharp", "error": null, "seconds": 1.4}
{"trial": 14, "cell": "16m-aggregate", "server": "cpp", "error": null, "seconds": 1.2}
{"trial": 15, "cell": "burst-cs-client", "server": "cpp", "error": null, "seconds": 6.8}
{"trial": 16, "cell": "burst-cs-client", "server": "csharp", "error": null, "seconds": 6.9}
{"trial": 17, "cell": "poisson", "server": "cpp", "error": null, "seconds": 1.5}
{"trial": 18, "cell": "poisson", "server": "csharp", "error": null, "seconds": 1.6}
{"completed_trials": 18, "failed": 0, "results": "F:\\SocketServerClient\\results\\large-frames-fast-20260930-064908"}
{"passed_trials": 18, "results": "F:\\SocketServerClient\\results\\large-frames-fast-20260930-064908"}
== all passed
