== native selftest
{"event":"selftest","valid":true,"checks":259,"canonical_digest":3660725836179230917}
== managed selftest
{"event":"selftest","valid":true,"checks":283556,"canonical_digest":3660725836179230917}
== harness
{"check": "corpus", "status": "passed"}
{"check": "report", "status": "passed"}
{"trial": 1, "cell": "failure", "server": "cpp", "error": "client exited 1", "seconds": 0.3}
{"check": "runner", "status": "passed"}
== protocol native
{"server": "src\\cpp\\build\\Release\\tcpbench.exe", "mode": "aggregate", "passed": 70}
{"server": "src\\cpp\\build\\Release\\tcpbench.exe", "mode": "retain-reuse", "passed": 70}
{"server": "src\\cpp\\build\\Release\\tcpbench.exe", "mode": "retain-allocate", "passed": 70}
{"total_checks": 264, "status": "passed"}
== protocol managed
{"server": "src\\dotnet\\bin\\Release\\net11.0\\Bench.dll", "mode": "aggregate", "passed": 70}
{"server": "src\\dotnet\\bin\\Release\\net11.0\\Bench.dll", "mode": "retain-reuse", "passed": 70}
{"server": "src\\dotnet\\bin\\Release\\net11.0\\Bench.dll", "mode": "retain-allocate", "passed": 70}
{"total_checks": 264, "status": "passed"}
== differential
{"binary": "F:\\SocketServerClient\\src\\cpp\\build\\Release\\tcpbench.exe", "mode": "aggregate", "validated_frames": 200, "records": 828}
{"binary": "F:\\SocketServerClient\\src\\cpp\\build\\Release\\tcpbench.exe", "mode": "retain-reuse", "validated_frames": 200, "records": 828}
{"binary": "F:\\SocketServerClient\\src\\cpp\\build\\Release\\tcpbench.exe", "mode": "retain-allocate", "validated_frames": 200, "records": 828}
{"binary": "F:\\SocketServerClient\\src\\dotnet\\bin\\Release\\net11.0\\Bench.dll", "mode": "aggregate", "validated_frames": 200, "records": 828}
{"binary": "F:\\SocketServerClient\\src\\dotnet\\bin\\Release\\net11.0\\Bench.dll", "mode": "retain-reuse", "validated_frames": 200, "records": 828}
{"binary": "F:\\SocketServerClient\\src\\dotnet\\bin\\Release\\net11.0\\Bench.dll", "mode": "retain-allocate", "validated_frames": 200, "records": 828}
== server regression native
{"server": "tcpbench.exe", "case": "processing_deadline_and_independent_progress", "status": "passed"}
{"server": "tcpbench.exe", "case": "stage_sampling_offset_reset_and_gates", "status": "passed"}
{"server": "tcpbench.exe", "case": "cpu_budget", "status": "passed"}
{"server": "tcpbench.exe", "case": "expiry_releases_slot", "status": "passed"}
{"server": "tcpbench.exe", "case": "shutdown_during_pause", "status": "passed"}
{"server": "tcpbench.exe", "case": "owned_peak_and_quiet_eof", "status": "passed"}
== server regression managed
{"server": "Bench.dll", "case": "processing_deadline_and_independent_progress", "status": "passed"}
{"server": "Bench.dll", "case": "stage_sampling_offset_reset_and_gates", "status": "passed"}
{"server": "Bench.dll", "case": "cpu_budget", "status": "passed"}
{"server": "Bench.dll", "case": "expiry_releases_slot", "status": "passed"}
{"server": "Bench.dll", "case": "shutdown_during_pause", "status": "passed"}
{"server": "Bench.dll", "case": "owned_peak_and_quiet_eof", "status": "passed"}
== measurement native client
{"fault": "none", "exit_code": 0, "status": "passed"}
{"fault": "closed", "exit_code": 0, "status": "passed"}
{"fault": "pause", "exit_code": 0, "status": "passed"}
{"fault": "overload", "exit_code": 0, "status": "passed"}
{"fault": "drop", "exit_code": 1, "status": "passed"}
{"fault": "withhold", "exit_code": 1, "status": "passed"}
{"fault": "withhold-short-drain", "exit_code": 1, "status": "passed"}
{"fault": "corrupt", "exit_code": 1, "status": "passed"}
{"fault": "wrong-sequence", "exit_code": 1, "status": "passed"}
{"fault": "oversized-response", "exit_code": 1, "status": "passed"}
{"fault": "wrong-summary", "exit_code": 1, "status": "passed"}
{"fault": "ack-inside-drain", "exit_code": 0, "status": "passed"}
== measurement managed client
{"fault": "none", "exit_code": 0, "status": "passed"}
{"fault": "closed", "exit_code": 0, "status": "passed"}
{"fault": "pause", "exit_code": 0, "status": "passed"}
{"fault": "overload", "exit_code": 0, "status": "passed"}
{"fault": "drop", "exit_code": 1, "status": "passed"}
{"fault": "withhold", "exit_code": 1, "status": "passed"}
{"fault": "withhold-short-drain", "exit_code": 1, "status": "passed"}
{"fault": "corrupt", "exit_code": 1, "status": "passed"}
{"fault": "wrong-sequence", "exit_code": 1, "status": "passed"}
{"fault": "oversized-response", "exit_code": 1, "status": "passed"}
{"fault": "wrong-summary", "exit_code": 1, "status": "passed"}
{"fault": "ack-inside-drain", "exit_code": 0, "status": "passed"}
== interop
{"mode": "aggregate", "load": "closed", "server": "cpp", "client": "cpp", "frames": 56050, "status": "passed"}
{"mode": "aggregate", "load": "closed", "server": "cpp", "client": "csharp", "frames": 54418, "status": "passed"}
{"mode": "aggregate", "load": "closed", "server": "csharp", "client": "cpp", "frames": 68515, "status": "passed"}
{"mode": "aggregate", "load": "closed", "server": "csharp", "client": "csharp", "frames": 57028, "status": "passed"}
{"mode": "aggregate", "load": "capped-io", "server": "cpp", "client": "cpp", "frames": 3621, "status": "passed"}
{"mode": "aggregate", "load": "capped-io", "server": "cpp", "client": "csharp", "frames": 3484, "status": "passed"}
{"mode": "aggregate", "load": "capped-io", "server": "csharp", "client": "cpp", "frames": 3336, "status": "passed"}
{"mode": "aggregate", "load": "capped-io", "server": "csharp", "client": "csharp", "frames": 3168, "status": "passed"}
{"mode": "aggregate", "load": "steady", "server": "cpp", "client": "cpp", "frames": 800, "status": "passed"}
{"mode": "aggregate", "load": "steady", "server": "cpp", "client": "csharp", "frames": 800, "status": "passed"}
{"mode": "aggregate", "load": "steady", "server": "csharp", "client": "cpp", "frames": 800, "status": "passed"}
{"mode": "aggregate", "load": "steady", "server": "csharp", "client": "csharp", "frames": 800, "status": "passed"}
{"mode": "aggregate", "load": "poisson", "server": "cpp", "client": "cpp", "frames": 767, "status": "passed"}
{"mode": "aggregate", "load": "poisson", "server": "cpp", "client": "csharp", "frames": 767, "status": "passed"}
{"mode": "aggregate", "load": "poisson", "server": "csharp", "client": "cpp", "frames": 767, "status": "passed"}
{"mode": "aggregate", "load": "poisson", "server": "csharp", "client": "csharp", "frames": 767, "status": "passed"}
{"mode": "retain-reuse", "load": "closed", "server": "cpp", "client": "cpp", "frames": 52922, "status": "passed"}
{"mode": "retain-reuse", "load": "closed", "server": "cpp", "client": "csharp", "frames": 49713, "status": "passed"}
{"mode": "retain-reuse", "load": "closed", "server": "csharp", "client": "cpp", "frames": 62512, "status": "passed"}
{"mode": "retain-reuse", "load": "closed", "server": "csharp", "client": "csharp", "frames": 54616, "status": "passed"}
{"mode": "retain-reuse", "load": "capped-io", "server": "cpp", "client": "cpp", "frames": 3670, "status": "passed"}
{"mode": "retain-reuse", "load": "capped-io", "server": "cpp", "client": "csharp", "frames": 3369, "status": "passed"}
{"mode": "retain-reuse", "load": "capped-io", "server": "csharp", "client": "cpp", "frames": 3411, "status": "passed"}
{"mode": "retain-reuse", "load": "capped-io", "server": "csharp", "client": "csharp", "frames": 3218, "status": "passed"}
{"mode": "retain-reuse", "load": "steady", "server": "cpp", "client": "cpp", "frames": 800, "status": "passed"}
{"mode": "retain-reuse", "load": "steady", "server": "cpp", "client": "csharp", "frames": 800, "status": "passed"}
{"mode": "retain-reuse", "load": "steady", "server": "csharp", "client": "cpp", "frames": 800, "status": "passed"}
{"mode": "retain-reuse", "load": "steady", "server": "csharp", "client": "csharp", "frames": 800, "status": "passed"}
{"mode": "retain-reuse", "load": "poisson", "server": "cpp", "client": "cpp", "frames": 767, "status": "passed"}
{"mode": "retain-reuse", "load": "poisson", "server": "cpp", "client": "csharp", "frames": 767, "status": "passed"}
{"mode": "retain-reuse", "load": "poisson", "server": "csharp", "client": "cpp", "frames": 767, "status": "passed"}
{"mode": "retain-reuse", "load": "poisson", "server": "csharp", "client": "csharp", "frames": 767, "status": "passed"}
{"mode": "retain-allocate", "load": "closed", "server": "cpp", "client": "cpp", "frames": 50138, "status": "passed"}
{"mode": "retain-allocate", "load": "closed", "server": "cpp", "client": "csharp", "frames": 48183, "status": "passed"}
{"mode": "retain-allocate", "load": "closed", "server": "csharp", "client": "cpp", "frames": 58378, "status": "passed"}
{"mode": "retain-allocate", "load": "closed", "server": "csharp", "client": "csharp", "frames": 46090, "status": "passed"}
{"mode": "retain-allocate", "load": "capped-io", "server": "cpp", "client": "cpp", "frames": 3551, "status": "passed"}
{"mode": "retain-allocate", "load": "capped-io", "server": "cpp", "client": "csharp", "frames": 3280, "status": "passed"}
{"mode": "retain-allocate", "load": "capped-io", "server": "csharp", "client": "cpp", "frames": 3362, "status": "passed"}
{"mode": "retain-allocate", "load": "capped-io", "server": "csharp", "client": "csharp", "frames": 3077, "status": "passed"}
{"mode": "retain-allocate", "load": "steady", "server": "cpp", "client": "cpp", "frames": 800, "status": "passed"}
{"mode": "retain-allocate", "load": "steady", "server": "cpp", "client": "csharp", "frames": 800, "status": "passed"}
{"mode": "retain-allocate", "load": "steady", "server": "csharp", "client": "cpp", "frames": 800, "status": "passed"}
{"mode": "retain-allocate", "load": "steady", "server": "csharp", "client": "csharp", "frames": 800, "status": "passed"}
{"mode": "retain-allocate", "load": "poisson", "server": "cpp", "client": "cpp", "frames": 767, "status": "passed"}
{"mode": "retain-allocate", "load": "poisson", "server": "cpp", "client": "csharp", "frames": 767, "status": "passed"}
{"mode": "retain-allocate", "load": "poisson", "server": "csharp", "client": "cpp", "frames": 767, "status": "passed"}
{"mode": "retain-allocate", "load": "poisson", "server": "csharp", "client": "csharp", "frames": 767, "status": "passed"}
{"mode": "transport", "load": "closed", "server": "cpp", "client": "cpp", "frames": 67591, "status": "passed"}
{"mode": "transport", "load": "closed", "server": "cpp", "client": "csharp", "frames": 65024, "status": "passed"}
{"mode": "transport", "load": "closed", "server": "csharp", "client": "cpp", "frames": 80624, "status": "passed"}
{"mode": "transport", "load": "closed", "server": "csharp", "client": "csharp", "frames": 68237, "status": "passed"}
{"mode": "transport", "load": "capped-io", "server": "cpp", "client": "cpp", "frames": 3621, "status": "passed"}
{"mode": "transport", "load": "capped-io", "server": "cpp", "client": "csharp", "frames": 3414, "status": "passed"}
{"mode": "transport", "load": "capped-io", "server": "csharp", "client": "cpp", "frames": 3363, "status": "passed"}
{"mode": "transport", "load": "capped-io", "server": "csharp", "client": "csharp", "frames": 3181, "status": "passed"}
{"mode": "transport", "load": "steady", "server": "cpp", "client": "cpp", "frames": 800, "status": "passed"}
{"mode": "transport", "load": "steady", "server": "cpp", "client": "csharp", "frames": 800, "status": "passed"}
{"mode": "transport", "load": "steady", "server": "csharp", "client": "cpp", "frames": 800, "status": "passed"}
{"mode": "transport", "load": "steady", "server": "csharp", "client": "csharp", "frames": 800, "status": "passed"}
{"mode": "transport", "load": "poisson", "server": "cpp", "client": "cpp", "frames": 767, "status": "passed"}
{"mode": "transport", "load": "poisson", "server": "cpp", "client": "csharp", "frames": 767, "status": "passed"}
{"mode": "transport", "load": "poisson", "server": "csharp", "client": "cpp", "frames": 767, "status": "passed"}
{"mode": "transport", "load": "poisson", "server": "csharp", "client": "csharp", "frames": 767, "status": "passed"}
== large frames
{"trial": 1, "cell": "16m-allocate", "server": "cpp", "error": null, "seconds": 1.6}
{"trial": 2, "cell": "16m-allocate", "server": "csharp", "error": null, "seconds": 1.8}
{"trial": 3, "cell": "1m-aggregate-cs-client", "server": "csharp", "error": null, "seconds": 1.2}
{"trial": 4, "cell": "1m-aggregate-cs-client", "server": "cpp", "error": null, "seconds": 1.1}
{"trial": 5, "cell": "16m-transport-cs-client", "server": "csharp", "error": null, "seconds": 1.3}
{"trial": 6, "cell": "16m-transport-cs-client", "server": "cpp", "error": null, "seconds": 1.2}
{"trial": 7, "cell": "1m-allocate-cs-client", "server": "cpp", "error": null, "seconds": 1.2}
{"trial": 8, "cell": "1m-allocate-cs-client", "server": "csharp", "error": null, "seconds": 1.3}
{"trial": 9, "cell": "16m-reuse-cs-client", "server": "cpp", "error": null, "seconds": 1.7}
{"trial": 10, "cell": "16m-reuse-cs-client", "server": "csharp", "error": null, "seconds": 1.9}
{"trial": 11, "cell": "1m-reuse", "server": "cpp", "error": null, "seconds": 1.1}
{"trial": 12, "cell": "1m-reuse", "server": "csharp", "error": null, "seconds": 1.2}
{"trial": 13, "cell": "16m-aggregate", "server": "csharp", "error": null, "seconds": 1.5}
{"trial": 14, "cell": "16m-aggregate", "server": "cpp", "error": null, "seconds": 1.3}
{"trial": 15, "cell": "burst-cs-client", "server": "cpp", "error": null, "seconds": 6.8}
{"trial": 16, "cell": "burst-cs-client", "server": "csharp", "error": null, "seconds": 6.9}
{"trial": 17, "cell": "poisson", "server": "cpp", "error": null, "seconds": 1.5}
{"trial": 18, "cell": "poisson", "server": "csharp", "error": null, "seconds": 1.6}
{"completed_trials": 18, "failed": 0, "results": "F:\\SocketServerClient\\results\\large-frames-stj-20260930-045447"}
{"passed_trials": 18, "results": "F:\\SocketServerClient\\results\\large-frames-stj-20260930-045447"}
== fast parser: protocol managed
{"server": "src\\dotnet\\bin\\Release\\net11.0\\Bench.dll", "mode": "aggregate", "passed": 70}
{"server": "src\\dotnet\\bin\\Release\\net11.0\\Bench.dll", "mode": "retain-reuse", "passed": 70}
{"server": "src\\dotnet\\bin\\Release\\net11.0\\Bench.dll", "mode": "retain-allocate", "passed": 70}
{"total_checks": 264, "status": "passed"}
== fast parser: differential
{"binary": "F:\\SocketServerClient\\src\\cpp\\build\\Release\\tcpbench.exe", "mode": "aggregate", "validated_frames": 200, "records": 828}
{"binary": "F:\\SocketServerClient\\src\\cpp\\build\\Release\\tcpbench.exe", "mode": "retain-reuse", "validated_frames": 200, "records": 828}
{"binary": "F:\\SocketServerClient\\src\\cpp\\build\\Release\\tcpbench.exe", "mode": "retain-allocate", "validated_frames": 200, "records": 828}
{"binary": "F:\\SocketServerClient\\src\\dotnet\\bin\\Release\\net11.0\\Bench.dll", "mode": "aggregate", "validated_frames": 200, "records": 828}
{"binary": "F:\\SocketServerClient\\src\\dotnet\\bin\\Release\\net11.0\\Bench.dll", "mode": "retain-reuse", "validated_frames": 200, "records": 828}
{"binary": "F:\\SocketServerClient\\src\\dotnet\\bin\\Release\\net11.0\\Bench.dll", "mode": "retain-allocate", "validated_frames": 200, "records": 828}
== fast parser: server regression managed
{"server": "Bench.dll", "case": "processing_deadline_and_independent_progress", "status": "passed"}
{"server": "Bench.dll", "case": "stage_sampling_offset_reset_and_gates", "status": "passed"}
{"server": "Bench.dll", "case": "cpu_budget", "status": "passed"}
{"server": "Bench.dll", "case": "expiry_releases_slot", "status": "passed"}
{"server": "Bench.dll", "case": "shutdown_during_pause", "status": "passed"}
{"server": "Bench.dll", "case": "owned_peak_and_quiet_eof", "status": "passed"}
== fast parser: interop
{"mode": "aggregate", "load": "closed", "server": "cpp", "client": "cpp", "frames": 56241, "status": "passed"}
{"mode": "aggregate", "load": "closed", "server": "cpp", "client": "csharp", "frames": 52985, "status": "passed"}
{"mode": "aggregate", "load": "closed", "server": "csharp", "client": "cpp", "frames": 59802, "status": "passed"}
{"mode": "aggregate", "load": "closed", "server": "csharp", "client": "csharp", "frames": 59537, "status": "passed"}
{"mode": "aggregate", "load": "capped-io", "server": "cpp", "client": "cpp", "frames": 3661, "status": "passed"}
{"mode": "aggregate", "load": "capped-io", "server": "cpp", "client": "csharp", "frames": 3285, "status": "passed"}
{"mode": "aggregate", "load": "capped-io", "server": "csharp", "client": "cpp", "frames": 3381, "status": "passed"}
{"mode": "aggregate", "load": "capped-io", "server": "csharp", "client": "csharp", "frames": 3176, "status": "passed"}
{"mode": "aggregate", "load": "steady", "server": "cpp", "client": "cpp", "frames": 800, "status": "passed"}
{"mode": "aggregate", "load": "steady", "server": "cpp", "client": "csharp", "frames": 800, "status": "passed"}
{"mode": "aggregate", "load": "steady", "server": "csharp", "client": "cpp", "frames": 800, "status": "passed"}
{"mode": "aggregate", "load": "steady", "server": "csharp", "client": "csharp", "frames": 800, "status": "passed"}
{"mode": "aggregate", "load": "poisson", "server": "cpp", "client": "cpp", "frames": 767, "status": "passed"}
{"mode": "aggregate", "load": "poisson", "server": "cpp", "client": "csharp", "frames": 767, "status": "passed"}
{"mode": "aggregate", "load": "poisson", "server": "csharp", "client": "cpp", "frames": 767, "status": "passed"}
{"mode": "aggregate", "load": "poisson", "server": "csharp", "client": "csharp", "frames": 767, "status": "passed"}
{"mode": "retain-reuse", "load": "closed", "server": "cpp", "client": "cpp", "frames": 53168, "status": "passed"}
{"mode": "retain-reuse", "load": "closed", "server": "cpp", "client": "csharp", "frames": 52454, "status": "passed"}
{"mode": "retain-reuse", "load": "closed", "server": "csharp", "client": "cpp", "frames": 65333, "status": "passed"}
{"mode": "retain-reuse", "load": "closed", "server": "csharp", "client": "csharp", "frames": 53439, "status": "passed"}
{"mode": "retain-reuse", "load": "capped-io", "server": "cpp", "client": "cpp", "frames": 3630, "status": "passed"}
{"mode": "retain-reuse", "load": "capped-io", "server": "cpp", "client": "csharp", "frames": 3334, "status": "passed"}
{"mode": "retain-reuse", "load": "capped-io", "server": "csharp", "client": "cpp", "frames": 3328, "status": "passed"}
{"mode": "retain-reuse", "load": "capped-io", "server": "csharp", "client": "csharp", "frames": 3161, "status": "passed"}
{"mode": "retain-reuse", "load": "steady", "server": "cpp", "client": "cpp", "frames": 800, "status": "passed"}
{"mode": "retain-reuse", "load": "steady", "server": "cpp", "client": "csharp", "frames": 800, "status": "passed"}
{"mode": "retain-reuse", "load": "steady", "server": "csharp", "client": "cpp", "frames": 800, "status": "passed"}
{"mode": "retain-reuse", "load": "steady", "server": "csharp", "client": "csharp", "frames": 800, "status": "passed"}
{"mode": "retain-reuse", "load": "poisson", "server": "cpp", "client": "cpp", "frames": 767, "status": "passed"}
{"mode": "retain-reuse", "load": "poisson", "server": "cpp", "client": "csharp", "frames": 767, "status": "passed"}
{"mode": "retain-reuse", "load": "poisson", "server": "csharp", "client": "cpp", "frames": 767, "status": "passed"}
{"mode": "retain-reuse", "load": "poisson", "server": "csharp", "client": "csharp", "frames": 767, "status": "passed"}
{"mode": "retain-allocate", "load": "closed", "server": "cpp", "client": "cpp", "frames": 50989, "status": "passed"}
{"mode": "retain-allocate", "load": "closed", "server": "cpp", "client": "csharp", "frames": 47499, "status": "passed"}
{"mode": "retain-allocate", "load": "closed", "server": "csharp", "client": "cpp", "frames": 57387, "status": "passed"}
{"mode": "retain-allocate", "load": "closed", "server": "csharp", "client": "csharp", "frames": 50484, "status": "passed"}
{"mode": "retain-allocate", "load": "capped-io", "server": "cpp", "client": "cpp", "frames": 3587, "status": "passed"}
{"mode": "retain-allocate", "load": "capped-io", "server": "cpp", "client": "csharp", "frames": 3437, "status": "passed"}
{"mode": "retain-allocate", "load": "capped-io", "server": "csharp", "client": "cpp", "frames": 3375, "status": "passed"}
{"mode": "retain-allocate", "load": "capped-io", "server": "csharp", "client": "csharp", "frames": 3195, "status": "passed"}
{"mode": "retain-allocate", "load": "steady", "server": "cpp", "client": "cpp", "frames": 800, "status": "passed"}
{"mode": "retain-allocate", "load": "steady", "server": "cpp", "client": "csharp", "frames": 800, "status": "passed"}
{"mode": "retain-allocate", "load": "steady", "server": "csharp", "client": "cpp", "frames": 800, "status": "passed"}
{"mode": "retain-allocate", "load": "steady", "server": "csharp", "client": "csharp", "frames": 800, "status": "passed"}
{"mode": "retain-allocate", "load": "poisson", "server": "cpp", "client": "cpp", "frames": 767, "status": "passed"}
{"mode": "retain-allocate", "load": "poisson", "server": "cpp", "client": "csharp", "frames": 767, "status": "passed"}
{"mode": "retain-allocate", "load": "poisson", "server": "csharp", "client": "cpp", "frames": 767, "status": "passed"}
{"mode": "retain-allocate", "load": "poisson", "server": "csharp", "client": "csharp", "frames": 767, "status": "passed"}
{"mode": "transport", "load": "closed", "server": "cpp", "client": "cpp", "frames": 70213, "status": "passed"}
{"mode": "transport", "load": "closed", "server": "cpp", "client": "csharp", "frames": 66466, "status": "passed"}
{"mode": "transport", "load": "closed", "server": "csharp", "client": "cpp", "frames": 81686, "status": "passed"}
{"mode": "transport", "load": "closed", "server": "csharp", "client": "csharp", "frames": 68472, "status": "passed"}
{"mode": "transport", "load": "capped-io", "server": "cpp", "client": "cpp", "frames": 3646, "status": "passed"}
{"mode": "transport", "load": "capped-io", "server": "cpp", "client": "csharp", "frames": 3474, "status": "passed"}
{"mode": "transport", "load": "capped-io", "server": "csharp", "client": "cpp", "frames": 3404, "status": "passed"}
{"mode": "transport", "load": "capped-io", "server": "csharp", "client": "csharp", "frames": 3173, "status": "passed"}
{"mode": "transport", "load": "steady", "server": "cpp", "client": "cpp", "frames": 800, "status": "passed"}
{"mode": "transport", "load": "steady", "server": "cpp", "client": "csharp", "frames": 800, "status": "passed"}
{"mode": "transport", "load": "steady", "server": "csharp", "client": "cpp", "frames": 800, "status": "passed"}
{"mode": "transport", "load": "steady", "server": "csharp", "client": "csharp", "frames": 800, "status": "passed"}
{"mode": "transport", "load": "poisson", "server": "cpp", "client": "cpp", "frames": 767, "status": "passed"}
{"mode": "transport", "load": "poisson", "server": "cpp", "client": "csharp", "frames": 767, "status": "passed"}
{"mode": "transport", "load": "poisson", "server": "csharp", "client": "cpp", "frames": 767, "status": "passed"}
{"mode": "transport", "load": "poisson", "server": "csharp", "client": "csharp", "frames": 767, "status": "passed"}
== fast parser: large frames
{"trial": 1, "cell": "16m-allocate", "server": "cpp", "error": null, "seconds": 1.7}
{"trial": 2, "cell": "16m-allocate", "server": "csharp", "error": null, "seconds": 1.8}
{"trial": 3, "cell": "1m-aggregate-cs-client", "server": "csharp", "error": null, "seconds": 1.2}
{"trial": 4, "cell": "1m-aggregate-cs-client", "server": "cpp", "error": null, "seconds": 1.1}
{"trial": 5, "cell": "16m-transport-cs-client", "server": "csharp", "error": null, "seconds": 1.3}
{"trial": 6, "cell": "16m-transport-cs-client", "server": "cpp", "error": null, "seconds": 1.3}
{"trial": 7, "cell": "1m-allocate-cs-client", "server": "cpp", "error": null, "seconds": 1.2}
{"trial": 8, "cell": "1m-allocate-cs-client", "server": "csharp", "error": null, "seconds": 1.3}
{"trial": 9, "cell": "16m-reuse-cs-client", "server": "cpp", "error": null, "seconds": 1.7}
{"trial": 10, "cell": "16m-reuse-cs-client", "server": "csharp", "error": null, "seconds": 1.9}
{"trial": 11, "cell": "1m-reuse", "server": "cpp", "error": null, "seconds": 1.1}
{"trial": 12, "cell": "1m-reuse", "server": "csharp", "error": null, "seconds": 1.2}
{"trial": 13, "cell": "16m-aggregate", "server": "csharp", "error": null, "seconds": 1.4}
{"trial": 14, "cell": "16m-aggregate", "server": "cpp", "error": null, "seconds": 1.3}
{"trial": 15, "cell": "burst-cs-client", "server": "cpp", "error": null, "seconds": 6.8}
{"trial": 16, "cell": "burst-cs-client", "server": "csharp", "error": null, "seconds": 6.9}
{"trial": 17, "cell": "poisson", "server": "cpp", "error": null, "seconds": 1.5}
{"trial": 18, "cell": "poisson", "server": "csharp", "error": null, "seconds": 1.6}
{"completed_trials": 18, "failed": 0, "results": "F:\\SocketServerClient\\results\\large-frames-fast-20260930-045642"}
{"passed_trials": 18, "results": "F:\\SocketServerClient\\results\\large-frames-fast-20260930-045642"}
== all passed
