{"trial": 1, "cell": "transport", "server": "csharp", "error": null, "seconds": 1.8}
{"trial": 2, "cell": "transport", "server": "cpp", "error": null, "seconds": 1.7}
{"trial": 3, "cell": "hard-reuse", "server": "csharp", "error": null, "seconds": 1.8}
{"trial": 4, "cell": "hard-reuse", "server": "cpp", "error": null, "seconds": 1.7}
{"trial": 5, "cell": "hard-allocate", "server": "csharp", "error": null, "seconds": 1.8}
{"trial": 6, "cell": "hard-allocate", "server": "cpp", "error": null, "seconds": 1.8}
{"trial": 7, "cell": "easy-aggregate-csclient", "server": "csharp", "error": null, "seconds": 1.9}
{"trial": 8, "cell": "easy-aggregate-csclient", "server": "cpp", "error": null, "seconds": 1.8}
{"trial": 9, "cell": "easy-aggregate", "server": "csharp", "error": null, "seconds": 1.8}
{"trial": 10, "cell": "easy-aggregate", "server": "cpp", "error": null, "seconds": 1.7}
{"trial": 11, "cell": "easy-aggregate-paced", "server": "csharp", "error": null, "seconds": 1.8}
{"trial": 12, "cell": "easy-aggregate-paced", "server": "cpp", "error": null, "seconds": 1.7}
{"trial": 13, "cell": "hard-poisson", "server": "csharp", "error": null, "seconds": 1.8}
{"trial": 14, "cell": "hard-poisson", "server": "cpp", "error": null, "seconds": 1.7}
{"trial": 15, "cell": "hard-burst", "server": "csharp", "error": null, "seconds": 7.1}
{"trial": 16, "cell": "hard-burst", "server": "cpp", "error": null, "seconds": 7.0}
{"trial": 17, "cell": "process-hard", "server": "csharp", "error": null, "seconds": 0.9}
{"trial": 18, "cell": "process-hard", "server": "cpp", "error": null, "seconds": 0.8}
{"completed_trials": 18, "failed": 0, "results": "F:\\SocketServerClient\\results\\smoke-v3-20260929"}
results\smoke-v3-20260929\report.md
